// Jest Snapshot v1, https://goo.gl/fbAQLP

exports[`renders correctly 1`] = `
<div>
  <Todos
    api={
      Object {
        "createTodo": [Function],
        "deleteTodo": [Function],
        "getTodos": [Function],
        "updateTodo": [Function],
      }
    }
  />
</div>
`;
